
=== release metadata ===
PASS required:index.html
PASS required:404.html
PASS required:app.js
PASS required:styles.css
PASS required:config.js
PASS required:update-guard.js
PASS required:sw.js
PASS required:manifest.webmanifest
PASS required:VERSION.txt
PASS required:CURRENT_BASELINE.json
PASS required:release_config.json
PASS required:.github/workflows/deploy-pages.yml
PASS required:database/V0.15.5/202607291330_v0155_precheck.sql
PASS required:database/V0.15.5/202607291340_v0155_cache26_cave_yuanshen_release.sql
PASS required:database/V0.15.5/202607291350_v0155_check.sql
PASS required:SQL/20_V0.15.5_升级前检查.sql
PASS required:SQL/21_V0.15.5_CACHE26_洞府元神发布门禁.sql
PASS required:SQL/22_V0.15.5_升级后检查.sql
PASS required:tools/prepare_pages_site_v0155.py
PASS required:tools/verify_pages_site_v0155.py
PASS required:tools/verify_release_v0155.py
PASS required:tools/test_b_cave_module.js
PASS required:tools/test_features_v0155.js
PASS required:tools/ci_v0155.py
PASS version
PASS cache26:index.html
PASS cache26:404.html
PASS cache26:config.js
PASS cache26:sw.js
PASS cache26:manifest.webmanifest
PASS config-version
PASS config-epoch
PASS release-build
PASS release-version
PASS release-migration
PASS baseline-version
PASS baseline-hotfix
PASS baseline-epoch
PASS workflow-ci-v0155
PASS workflow-pages
PASS app-yuanshen-nav
PASS app-yuanshen-panel
PASS app-yuanshen-placeholder
PASS app-b-cave
PASS app-inventory30
PASS app-cap80
PASS css-yuanshen-animation
PASS sql-cache26
PASS sql-no-combat-schema
TOTAL=49 PASS=49 FAIL=0

=== node syntax app.js ===

=== node syntax config.js ===

=== node syntax update-guard.js ===

=== node syntax sw.js ===

=== python syntax tools/prepare_pages_site_v0155.py ===

=== python syntax tools/verify_pages_site_v0155.py ===

=== python syntax tools/verify_release_v0155.py ===

=== python syntax tools/sql_static_audit_v0155.py ===

=== python syntax tools/ci_v0155.py ===

=== SQL audit tools/sql_static_audit_v0141_fix7a.py ===
{
  "ok": true,
  "checks": 22,
  "expected_value": -0.00999,
  "failed": []
}

=== SQL audit tools/sql_static_audit_v0142.py ===
{
  "ok": true,
  "checks": 16,
  "failed": []
}

=== SQL audit tools/sql_static_audit_v0143.py ===
{
  "ok": true,
  "checks": 25,
  "failed": []
}

=== SQL audit tools/sql_static_audit_v0144.py ===
{
  "ok": true,
  "checks": 31,
  "failed": []
}

=== SQL audit tools/sql_static_audit_v0145.py ===
{
  "ok": true,
  "checks": 28,
  "failed": []
}

=== SQL audit tools/sql_static_audit_v0146.py ===
{
  "ok": true,
  "checks": 12,
  "failed": []
}

=== SQL audit tools/sql_static_audit_v0147.py ===
{
  "ok": true,
  "checks": 25,
  "failed": []
}

=== SQL audit tools/sql_static_audit_v0148.py ===
{
  "ok": true,
  "checks": 23,
  "failed": []
}

=== SQL audit tools/sql_static_audit_v0150.py ===
PASS file:precheck
PASS file:main
PASS file:check
PASS file:rollback
PASS transaction
PASS explicit fish guard
PASS early return after guard
PASS preserves destiny triple
PASS preserves existing games
PASS cache16
PASS postcheck guard
PASS rollback available
PASS no destructive fish data
TOTAL=13 PASS=13 FAIL=0

=== SQL audit tools/sql_static_audit_v0151.py ===
PASS file:precheck
PASS file:main
PASS file:check
PASS file:rollback
PASS file:fix
PASS file:fixcheck
PASS file:fixrollback
PASS transaction
PASS fish feed restored
PASS dealer detail
PASS win loss text
PASS main 40 second round
PASS main 30 2 5 3
PASS main rules
PASS fix 40 second round
PASS fix 30 2 5 3
PASS fix rules
PASS settled phase 3 seconds
PASS settle calls feed
PASS broadcast isolation
PASS cache18
PASS postcheck corrected
PASS fix postcheck
PASS fix rollback available
PASS no destructive data
TOTAL=25 PASS=25 FAIL=0

=== SQL audit tools/sql_static_audit_v0152.py ===
{
  "ok": true,
  "checks": {
    "grade-return-columns-fixed": true,
    "grade-no-select-star": true,
    "slot-index-dropped-before-migration": true,
    "slot-dedupe-window": true,
    "slot-index-rebuilt": true,
    "five-slot-multipliers": true,
    "exclusive-level-36": true,
    "realm-guard-helper": true,
    "check-cte-used": true
  },
  "failed": []
}

=== SQL audit tools/sql_static_audit_v0153.py ===
{
  "ok": true,
  "checks": {
    "transaction": true,
    "release-name": true,
    "cache-epoch": true,
    "idempotent-insert": true,
    "final-check": true,
    "realm-guard-check": true
  },
  "failed": []
}

=== SQL audit tools/sql_static_audit_v0153_fix1.py ===
{
  "ok": true,
  "checks": {
    "transaction": true,
    "drop-old-slot-check": true,
    "allow-five-slots": true,
    "slot-type-null": true,
    "new-reader": true,
    "yellow-fallback": true,
    "cache21-gate": true,
    "check-constraint": true,
    "client-five-slots": true,
    "client-old-rule-removed": true
  },
  "failed": []
}

=== SQL audit tools/sql_static_audit_v0153_fix2.py ===
PASS transaction
PASS reader-replaced
PASS upgrade-replaced
PASS redeem-replaced
PASS balance-helper
PASS atomic-debit
PASS award-helper
PASS no-rowtype-field
PASS no-direct-player-balance-write
PASS cache22-gate
PASS schema-reload
PASS final-check
TOTAL=12 PASS=12 FAIL=0

=== SQL audit tools/sql_static_audit_v0154.py ===
PASS atomic-transaction
PASS dollar-quotes
PASS security-definer
PASS idempotency-table
PASS ordinary-idempotent-rpc
PASS exclusive-idempotent-rpc
PASS item-idempotent-rpc
PASS stone-unified
PASS technique-bucket
PASS breakthrough-pill-item
PASS washing-pill-item
PASS pill-category-fix
PASS new-table-rls
PASS purchase-no-unsupported-on-conflict
PASS pill-price
PASS wash-price
PASS pill-five-percent
PASS pill-same-transaction
PASS b02-no-death
PASS b02-collapse
PASS b02-thresholds
PASS permissions
PASS cache23
PASS postcheck
PASS fix4-transaction
PASS fix4-response-payload
PASS fix4-no-unique-dependency
PASS fix4-cache24
PASS fix4-permissions
PASS fix4-check
TOTAL=30 PASS=30 FAIL=0

=== SQL audit tools/sql_static_audit_v0155.py ===
PASS precheck-readonly
PASS release-table-check
PASS upgrade-transaction
PASS cache26
PASS no-schema-change
PASS no-player-stone-write
PASS postcheck-readonly
PASS postcheck-cache26
TOTAL=8 PASS=8 FAIL=0

=== test tools/test_casino_render_v0141.js ===
{"ok":true,"checks":50,"lobby":2419,"house":3470,"duel":3179,"pools":1924}

=== test tools/test_world_events_render_v0142.js ===
{"ok":true,"checks":4,"order":["breakthrough","casino","old-pinned"]}

=== test tools/test_ranking_render_v0143.js ===
{"ok":true,"checks":16}

=== test tools/test_features_v0144.js ===
PASS player-house-rpc
PASS player-house-toggle
PASS player-house-copy
PASS system-dealer-name
PASS no-wrong-dealer-name
PASS cultivation-all-in
PASS minor-stage-copy
PASS no-twenty-percent
PASS duel-immediate
PASS join-immediate
PASS no-five-minute
PASS insight-speed
PASS insight-ten
PASS notice-rpc
PASS notice-modal
PASS notice-ack
PASS notice-poll
PASS notice-css
PASS all-in-css
TOTAL=19 PASS=19 FAIL=0

=== test tools/test_features_v0145.js ===
PASS v4-rpc
PASS ack-rpc
PASS offline-summary
PASS mobile-modal
PASS safe-area
PASS new-techniques
PASS mastery
PASS commission-copy
PASS system-fix7a
PASS story-pool
PASS result-pool
PASS support-seeds
PASS five-minute
PASS 864
PASS commission-500
PASS rls
PASS old-protections
PASS dealer-name
TOTAL=18 PASS=18 FAIL=0

=== test tools/test_opportunity_history_v0146.js ===
PASS RPC
PASS merge
PASS initial refresh
PASS online refresh
PASS specific result
PASS history root
TOTAL=6 PASS=6 FAIL=0

=== test tools/test_features_v0147.js ===
PASS library rpc
PASS book study
PASS specific opportunity result
PASS history grade/title/story/result
PASS high-tier shared color
PASS quantity modal
PASS quantity rpc
PASS system player switch
PASS five million only
PASS two hour term
PASS unlimited player stake
PASS system cover
PASS commission retained
PASS fix7a system route
PASS old client system safe
PASS no unauthorized loss
TOTAL=16 PASS=16 FAIL=0

=== test tools/test_features_v0148.js ===
PASS B summary 2x2
PASS B primary nav 1x4
PASS B lobby 2x2
PASS formal naming
PASS fish rpc
PASS fish selector
PASS compact order
PASS six symbols
PASS three columns
PASS hit glow
PASS history 20
PASS dealer label once grouping
PASS 60 second SQL
PASS player house rules
PASS no demo placeholders
TOTAL=15 PASS=15 FAIL=0

=== test tools/test_fish_render_v0148.js ===
PASS page renders
PASS strict order
PASS compact balances
PASS quantity multiplier
PASS three results
PASS hit only actual winning bet
PASS dealer once in detail
PASS history dealer label once
PASS player switch exists
TOTAL=9 PASS=9 FAIL=0

=== test tools/test_fish_entry_click_v0148_fix1.js ===
PASS selector handler exists
PASS fish branch exists
PASS draft saved first
PASS hidden field synced before render
PASS fix marker exists
PASS regression model stays fish_shrimp
TOTAL=6 PASS=6 FAIL=0

=== test tools/test_fish_ui_v0149.js ===
PASS page renders
PASS six inline svg seals
PASS desktop responsive layout
PASS strict order
PASS compact balances
PASS quantity multiplier
PASS three results
PASS hit only actual winning bet
PASS dealer once in detail
PASS history dealer label once
PASS player switch exists
TOTAL=11 PASS=11 FAIL=0

=== test tools/test_fish_continuous_bet_v0150.js ===
PASS queue helper exists
PASS button never busy locked
PASS click enqueues immediately
PASS queue batches clicks
PASS queue serial worker
PASS queue delay window
PASS pending amount shown
PASS queue feedback says continue
PASS refresh guarded during queue
PASS only phase disables cards
PASS queued css exists
PASS five fish clicks merged
PASS different symbol separate
PASS render shows pending fish
TOTAL=14 PASS=14 FAIL=0

=== test tools/test_casino_feed_fish40_v0151.js ===
PASS 40 second subtitle
PASS 40 second rules
PASS progress denominator
PASS client fallback times
PASS 30 second SQL timing
PASS dice stop times
PASS continuous bet preserved
PASS fish feed helper
PASS system dealer wording
PASS player dealer wording
PASS net win and loss wording
PASS fish aggregation
PASS settlement publish isolated
PASS 40 second database clock
TOTAL=14 PASS=14 FAIL=0

=== test tools/test_features_v0154.js ===
PASS rpc breakthrough status
PASS rpc breakthrough attempt
PASS pill selector
PASS optimistic ordinary
PASS optimistic exclusive
PASS background queue
PASS no upgrade busy label
PASS result modal no enterGame default
PASS rate clickable
PASS rate technique details
PASS effect excludes techniques
PASS treasure entry
PASS washing confirm
PASS b02 collapse ui
PASS treasure immediate local inventory
PASS treasure background correction ordered
PASS treasure no stale concurrent cave render
PASS new css
TOTAL=18 PASS=18 FAIL=0

=== test tools/test_b_cave_module.js ===
PASS cave main scene exists
PASS six building orbit positions
PASS meditation figure exists
PASS resource strip exists
PASS storage uses live inventory
PASS storage 30 slots per layer
PASS storage pagination keeps all items accessible
PASS no player bag tab
PASS cultivation icons present
PASS item details present
PASS existing item use preserved
PASS three cave actions
PASS no SQL dependency
PASS responsive storage grid
TOTAL=14 PASS=14 FAIL=0

=== test tools/test_features_v0155.js ===
PASS primordial navigation
PASS desktop primordial navigation
PASS primordial panel
PASS four named combat stats
PASS no fake combat values
PASS cultivation animation
PASS responsive primordial UI
PASS B cave integrated
PASS cache26 config
TOTAL=9 PASS=9 FAIL=0

=== build pages ===
PAGES_SITE_BUILT 15

=== verify pages ===
{
  "ok": true,
  "checks": 40,
  "failed": []
}

V0.15.5 CI PASS
