
=== release metadata ===
PASS required:index.html
PASS required:404.html
PASS required:app.js
PASS required:styles.css
PASS required:config.js
PASS required:update-guard.js
PASS required:sw.js
PASS required:manifest.webmanifest
PASS required:VERSION.txt
PASS required:CURRENT_BASELINE.json
PASS required:release_config.json
PASS required:V1.1_FIX1_CACHE36.txt
PASS required:V1.1_FIX1_升级说明.md
PASS required:docs/V1.1_FIX1_赌场周期资金与公平结算规则.md
PASS required:.github/workflows/deploy-pages.yml
PASS required:SQL/58_V1.1_FIX1_升级前检查.sql
PASS required:SQL/59_V1.1_FIX1_赌场周期资金与公平结算.sql
PASS required:SQL/60_V1.1_FIX1_CACHE36_正式发布门禁.sql
PASS required:SQL/61_V1.1_FIX1_升级后检查.sql
PASS required:SQL/62_V1.1_FIX1_紧急停用赌坊.sql
PASS required:SQL/63_V1.1_FIX1_恢复启用赌坊.sql
PASS required:database/V1.1_FIX1/202607300850_v1_1_fix1_precheck.sql
PASS required:database/V1.1_FIX1/202607300900_v1_1_fix1_casino_period_bankroll.sql
PASS required:database/V1.1_FIX1/202607300910_v1_1_fix1_cache36_release.sql
PASS required:database/V1.1_FIX1/202607300920_v1_1_fix1_check.sql
PASS required:database/V1.1_FIX1/202607300930_v1_1_fix1_emergency_disable.sql
PASS required:database/V1.1_FIX1/202607300940_v1_1_fix1_resume.sql
PASS required:tools/verify_release_v1_1_fix1.py
PASS required:tools/sql_static_audit_v1_1_fix1.py
PASS required:tools/test_features_v1_1_fix1.js
PASS required:tools/prepare_pages_site_v1_1_fix1.py
PASS required:tools/verify_pages_site_v1_1_fix1.py
PASS required:tools/ci_v1_1_fix1.py
PASS version-file
PASS config-version
PASS config-label
PASS config-build
PASS config-epoch
PASS release-json
PASS baseline-json
PASS baseline-sql-range
PASS lock-json
PASS next-sql-64
PASS cache36:index.html
PASS cache36:404.html
PASS cache36:config.js
PASS cache36:sw.js
PASS cache36:manifest.webmanifest
PASS cache36:update-guard.js
PASS workflow
PASS frontend-30-percent
PASS frontend-true-dice
PASS frontend-period
PASS frontend-player-house
PASS sql-period-targets
PASS sql-pool-rules
PASS sql-fair-rng
PASS sql-request-concurrency
PASS sql-player-house-no-cover
PASS migration-copy:SQL/58_V1.1_FIX1_升级前检查.sql
PASS migration-copy:SQL/59_V1.1_FIX1_赌场周期资金与公平结算.sql
PASS migration-copy:SQL/60_V1.1_FIX1_CACHE36_正式发布门禁.sql
PASS migration-copy:SQL/61_V1.1_FIX1_升级后检查.sql
PASS migration-copy:SQL/62_V1.1_FIX1_紧急停用赌坊.sql
PASS migration-copy:SQL/63_V1.1_FIX1_恢复启用赌坊.sql
TOTAL=65 PASS=65 FAIL=0

=== node syntax app.js ===

=== node syntax config.js ===

=== node syntax update-guard.js ===

=== node syntax sw.js ===

=== python syntax tools/prepare_pages_site_v1_1_fix1.py ===

=== python syntax tools/verify_pages_site_v1_1_fix1.py ===

=== python syntax tools/verify_release_v1_1_fix1.py ===

=== python syntax tools/sql_static_audit_v1_1_fix1.py ===

=== python syntax tools/ci_v1_1_fix1.py ===

=== V1.1 FIX1 SQL audit ===
PASS pre-readonly
PASS post-readonly
PASS main-transaction
PASS balanced-dollar-quotes
PASS table:casino_bankroll_v1
PASS table:casino_bankroll_ledger_v1
PASS table:casino_bankroll_periods_v1
PASS table:casino_round_stake_usage_v1
PASS function:casino_secure_random_int_v1
PASS function:casino_bankroll_available_v1
PASS function:casino_bankroll_apply_v1
PASS function:casino_claim_round_stake_v1
PASS function:casino_draw_house_result_fix1
PASS function:casino_pool_draw_fix1
PASS function:casino_settle_bankroll_periods_v1
PASS function:play_system_house_game_v0141_fix7a
PASS function:casino_play_player_house_v1_fix4
PASS function:play_house_game_v1_fix4
PASS function:place_fish_shrimp_bet_v1_fix4
PASS function:casino_fish_settle_round_v0148
PASS period-7200
PASS close-60
PASS stone-target
PASS cultivation-target
PASS profit-half
PASS winner-70
PASS loss-no-draw
PASS reset-exact-target
PASS no-history-offset
PASS stake-limit-bps
PASS stake-limit-formula
PASS fish-round-aggregate
PASS unlimited-play-copy
PASS no-daily-limit-errors
PASS secure-rng-bytes
PASS secure-rng-rejection
PASS no-postgres-random
PASS three-independent-dice
PASS triple-excludes-side
PASS turtle-25-50-25
PASS system-payouts
PASS system-loss-to-bankroll
PASS system-win-from-bankroll
PASS atomic-bankroll-acceptance
PASS assert-lock-only-when-due
PASS no-direct-pool-per-bet
PASS player-house-fee-250
PASS player-house-exact-integer-step
PASS player-house-no-cover
PASS dealer-self-pays
PASS fish-dealer-reserve
PASS player-house-fee-bankroll
PASS duel-fee-bankroll
PASS idempotency
PASS reject-concurrent
PASS old-rpc-revoked
PASS new-rpc-authenticated
PASS bankroll-tables-private
PASS gate-cache36
PASS gate-settings
PASS post-core-checks
PASS emergency-revoke
PASS resume-guard
TOTAL=63 PASS=63 FAIL=0

=== test tools/test_features_v1.js ===
PASS snapshot rpc client
PASS live primordial panel
PASS exact mobile order
PASS three columns mobile
PASS cave rich layers
PASS cave animations
PASS unlearned techniques in storage
PASS visible item name and type
PASS 36 slots and paging
PASS battle ranking and challenge
PASS 80 percent cap copy preserved
TOTAL=11 PASS=11 FAIL=0

=== test tools/test_features_v1_fix1.js ===
PASS root element chip
PASS fire red
PASS yuanshen compressed ten percent
PASS cave six by six
PASS labels remain visible
PASS challenge compatibility overload
PASS friendly production error
TOTAL=7 PASS=7 FAIL=0

=== test tools/test_features_v1_fix2.js ===
PASS no champion copy
PASS no champion render
PASS battle rank private stats removed
PASS compact public card
PASS separate resolving popup
PASS separate report popup
PASS generic battle copy
PASS css compact
PASS css report
{"ok":true,"checks":9}

=== test tools/test_features_v1_fix3.js ===
PASS duel summary helper
PASS duel excludes level
PASS my side and opponent
PASS log precedes controls
PASS speed controls kept
PASS modal grid layout
PASS expanded log
PASS compact controls
PASS story names challenge relation
PASS story weapons and cultivation
PASS story variants
PASS story failure isolation
PASS no extra feed subline
{"ok":true,"checks":13}

=== test tools/test_features_v1_1.js ===
PASS ranking bidirectional
PASS daily 20
PASS cooldown 20
PASS same opponent allowed
PASS stage progress rates
PASS no stage drop
PASS equal transfer
PASS world event correct table
PASS history backfill
PASS old higher-only error removed
{"ok":true,"checks":10}

=== test tools/test_features_v1_1_fix1.js ===
PASS CACHE36 build
PASS true dice choices
PASS triple beats sides
PASS secure random
PASS two-hour period
PASS one-minute close
PASS fixed bankrolls
PASS profit half to pool
PASS 70 percent prize
PASS old equal ticket
PASS thirty percent stake
PASS no session limit
PASS reject concurrent requests
PASS player house 97.5
PASS player house no cover
PASS system payout EV dice side
PASS system payout EV dice triple
PASS system payout EV turtle neutral
PASS system payout EV turtle edge
PASS system payout EV fish
PASS probabilities total
PASS fix4 RPC retained
PASS battle V1.1 preserved
{
  "ok": true,
  "checks": 23,
  "expectedValuePer100": {
    "diceSide": -5.208333333333329,
    "diceTriple": -5,
    "turtleNeutral": -5,
    "turtleEdge": -5,
    "fish": -5.000000000000002
  }
}

=== B-COMBAT01 original module audit ===

=== node --check app.js ===

=== node B_MODULE/B-COMBAT01/tools/test_client_bcombat01.js /mnt/data/九霄问道_V1.1_FIX1_CACHE36_工作区 ===
{"ok":true,"checks":45}

=== /opt/pyvenv/bin/python3 B_MODULE/B-COMBAT01/tools/static_audit_bcombat01.py ===
PASS transaction
PASS 44-stage-values
PASS power-formula
PASS five-elements
PASS balanced-allocation-lock
PASS new-character-trigger
PASS element-rules
PASS daily-rules
PASS sword-heart-eight-percent
PASS sword-heart-no-four-stat-bonus
PASS defense-caps
PASS cultivation-floor-one-percent
PASS cultivation-cap-preserved
PASS idempotency-lock
PASS world-feed-reused
PASS no-release-control-write
PASS no-version-cache-write
PASS rls-on-new-tables
PASS precheck-required-deps
PASS postcheck-rules
PASS rollback-restores-sword-heart
PASS client-rpcs
PASS client-fallbacks
PASS client-battle-modal
PASS client-world-refresh
PASS client-battle-privacy
PASS client-css
TOTAL=27 PASS=27 FAIL=0

=== /opt/pyvenv/bin/python3 B_MODULE/B-COMBAT01/tools/test_balance_bcombat01.py ===
B-COMBAT01 BALANCE PASS 90/90
golden_initial_beats_middle_with_overcome: {'winner': 'attacker', 'attacker_hp': 80, 'defender_hp': 0, 'rounds': 8}
golden_initial_loses_late_with_weak_overcome: {'winner': 'defender', 'attacker_hp': 0, 'defender_hp': 754, 'rounds': 7}
golden_late_beats_perfect_with_overcome: {'winner': 'attacker', 'attacker_hp': 176, 'defender_hp': 0, 'rounds': 8}
golden_perfect_loses_nascent_initial: {'winner': 'defender', 'attacker_hp': 0, 'defender_hp': 837, 'rounds': 8}
golden_perfect_sword_heart_still_loses_nascent_initial: {'winner': 'defender', 'attacker_hp': 0, 'defender_hp': 662, 'rounds': 8}

=== node tools/test_ranking_render_v0143.js /mnt/data/九霄问道_V1.1_FIX1_CACHE36_工作区 ===
{"ok":true,"checks":25,"module":"V1.0 FIX2"}

B-COMBAT01 CI PASS

=== build pages ===
PAGES_SITE_BUILT 15

=== verify pages ===
{
  "ok": true,
  "checks": 38,
  "failed": []
}

V1.1 FIX1 CACHE36 CI PASS
