
=== release metadata ===
PASS required:index.html
PASS required:404.html
PASS required:app.js
PASS required:styles.css
PASS required:config.js
PASS required:update-guard.js
PASS required:sw.js
PASS required:manifest.webmanifest
PASS required:VERSION.txt
PASS required:CURRENT_BASELINE.json
PASS required:release_config.json
PASS required:.github/workflows/deploy-pages.yml
PASS required:SQL/49_V1.1_升级前检查.sql
PASS required:SQL/50_V1.1_双向战力挑战与界闻修复.sql
PASS required:SQL/51_V1.1_CACHE35_正式发布门禁.sql
PASS required:SQL/52_V1.1_升级后检查.sql
PASS required:SQL/53_V1.1_紧急停用战力挑战.sql
PASS required:SQL/54_V1.1_恢复启用战力挑战.sql
PASS required:database/V1.1/202607300230_v1_1_precheck.sql
PASS required:database/V1.1/202607300240_v1_1_battle_rules_world_event_fix.sql
PASS required:database/V1.1/202607300250_v1_1_cache35_release.sql
PASS required:database/V1.1/202607300260_v1_1_check.sql
PASS required:tools/test_features_v1_1.js
PASS required:tools/sql_static_audit_v1_1.py
PASS required:tools/prepare_pages_site_v1_1.py
PASS required:tools/verify_pages_site_v1_1.py
PASS required:tools/ci_v1_1.py
PASS version
PASS cache35:index.html
PASS cache35:404.html
PASS cache35:config.js
PASS cache35:sw.js
PASS cache35:manifest.webmanifest
PASS cache35:update-guard.js
PASS config
PASS release-json
PASS baseline-json
PASS workflow
PASS bidirectional
PASS transfer-rules
PASS world-event-fix
TOTAL=41 PASS=41 FAIL=0

=== node syntax app.js ===

=== node syntax config.js ===

=== node syntax update-guard.js ===

=== node syntax sw.js ===

=== python syntax tools/prepare_pages_site_v1_1.py ===

=== python syntax tools/verify_pages_site_v1_1.py ===

=== python syntax tools/verify_release_v1_1.py ===

=== python syntax tools/sql_static_audit_v1_1.py ===

=== python syntax tools/ci_v1_1.py ===

=== SQL audit tools/sql_static_audit_v0154.py ===
PASS atomic-transaction
PASS dollar-quotes
PASS security-definer
PASS idempotency-table
PASS ordinary-idempotent-rpc
PASS exclusive-idempotent-rpc
PASS item-idempotent-rpc
PASS stone-unified
PASS technique-bucket
PASS breakthrough-pill-item
PASS washing-pill-item
PASS pill-category-fix
PASS new-table-rls
PASS purchase-no-unsupported-on-conflict
PASS pill-price
PASS wash-price
PASS pill-five-percent
PASS pill-same-transaction
PASS b02-no-death
PASS b02-collapse
PASS b02-thresholds
PASS permissions
PASS cache23
PASS postcheck
PASS fix4-transaction
PASS fix4-response-payload
PASS fix4-no-unique-dependency
PASS fix4-cache24
PASS fix4-permissions
PASS fix4-check
TOTAL=30 PASS=30 FAIL=0

=== SQL audit tools/sql_static_audit_v0155_fix1.py ===
PASS precheck-readonly
PASS precheck-release-table
PASS precheck-cache25-direct
PASS upgrade-transaction
PASS cache27
PASS direct-from-cache25
PASS no-schema-change
PASS no-player-stone-write
PASS no-gameplay-write
PASS postcheck-readonly
PASS postcheck-cache27
TOTAL=11 PASS=11 FAIL=0

=== SQL audit tools/sql_static_audit_v1.py ===
PASS precheck-readonly
PASS precheck-cache25
PASS main-transaction
PASS main-44-stats
PASS main-five-elements
PASS snapshot-wrapper
PASS no-anon-snapshot
PASS challenge-rpcs
PASS one-percent
PASS sword-heart-eight
PASS cap-preserved
PASS world-feed-reused
PASS main-no-release-control
PASS gate-cache30
PASS post-readonly
PASS post-wrapper
PASS emergency-only-setting
PASS rollback-explicit
TOTAL=18 PASS=18 FAIL=0

=== SQL audit tools/sql_static_audit_v1_fix1.py ===
PASS pre-readonly
PASS compat-transaction
PASS integer-overload
PASS compat-private
PASS main-fresh-cast
PASS gate-cache31
PASS post-readonly
PASS post-permission-check
TOTAL=8 PASS=8 FAIL=0

=== SQL audit tools/sql_static_audit_v1_fix2.py ===
PASS pre-readonly
PASS pre-cache31
PASS gate-transaction
PASS gate-cache32
PASS gate-no-schema-ddl
PASS gate-rpc-guards
PASS post-readonly
PASS post-cache32
TOTAL=8 PASS=8 FAIL=0

=== SQL audit tools/sql_static_audit_v1_fix4.py ===
PASS pre-readonly
PASS main-transaction
PASS ten-percent
PASS no-cover
PASS max-liability
PASS idempotency
PASS locks
PASS five-percent-pool
PASS old-rpc-revoked
PASS new-rpc-granted
PASS gate-cache34
PASS post-readonly
PASS emergency-player-only
TOTAL=13 PASS=13 FAIL=0

=== SQL audit tools/sql_static_audit_v1_1.py ===
PASS pre-readonly
PASS main-transaction
PASS daily-20
PASS cooldown-20
PASS bidirectional
PASS rates
PASS stage-progress
PASS no-drop
PASS equal-transfer
PASS same-opponent
PASS correct-event-table
PASS history-backfill
PASS gate-cache35
PASS post-readonly
TOTAL=14 PASS=14 FAIL=0

=== test tools/test_features_v0154.js ===
PASS rpc breakthrough status
PASS rpc breakthrough attempt
PASS pill selector
PASS optimistic ordinary
PASS optimistic exclusive
PASS background queue
PASS no upgrade busy label
PASS result modal no enterGame default
PASS rate clickable
PASS rate technique details
PASS effect excludes techniques
PASS treasure entry
PASS washing confirm
PASS b02 collapse ui
PASS treasure immediate local inventory
PASS treasure background correction ordered
PASS treasure no stale concurrent cave render
PASS new css
TOTAL=18 PASS=18 FAIL=0

=== test tools/test_b_cave_module.js ===
PASS cave main scene exists
PASS six building orbit positions
PASS meditation figure exists
PASS resource strip exists
PASS storage uses live inventory
PASS storage 36 slots per layer
PASS storage pagination keeps all items accessible
PASS no player bag tab
PASS cultivation icons present
PASS item details present
PASS existing item use preserved
PASS three cave actions
PASS no SQL dependency
PASS responsive storage grid
TOTAL=14 PASS=14 FAIL=0

=== test tools/test_features_v0155.js ===
PASS primordial navigation
PASS desktop primordial navigation
PASS primordial panel preserved
PASS four named combat stats
PASS authoritative or explicit placeholder
PASS cultivation animation
PASS responsive primordial UI
PASS B cave integrated
PASS supported release config
TOTAL=9 PASS=9 FAIL=0

=== test tools/test_cave_visual_v0155_fix1.js ===
PASS quiet cave semantic label
PASS rock arch layer
PASS stalactite layer
PASS spirit vein layer
PASS stone platform
PASS secluded cave copy
PASS business layout preserved
PASS real storage preserved
PASS cave actions preserved
PASS no rotating yuanshen mandala in cave
PASS yuanshen animation remains separate
PASS reduced motion supported
PASS supported release build
TOTAL=13 PASS=13 FAIL=0

=== test tools/test_features_v1.js ===
PASS snapshot rpc client
PASS live primordial panel
PASS exact mobile order
PASS three columns mobile
PASS cave rich layers
PASS cave animations
PASS unlearned techniques in storage
PASS visible item name and type
PASS 36 slots and paging
PASS battle ranking and challenge
PASS 80 percent cap copy preserved
TOTAL=11 PASS=11 FAIL=0

=== test tools/test_features_v1_fix1.js ===
PASS root element chip
PASS fire red
PASS yuanshen compressed ten percent
PASS cave six by six
PASS labels remain visible
PASS challenge compatibility overload
PASS friendly production error
TOTAL=7 PASS=7 FAIL=0

=== test tools/test_features_v1_fix2.js ===
PASS no champion copy
PASS no champion render
PASS battle rank private stats removed
PASS compact public card
PASS separate resolving popup
PASS separate report popup
PASS generic battle copy
PASS css compact
PASS css report
{"ok":true,"checks":9}

=== test tools/test_features_v1_fix4.js ===
PASS new house rpc
PASS new fish rpc
PASS request id
PASS ten percent ui
PASS ten percent sql
PASS no system cover
PASS max liability
PASS five percent pool
PASS old rpc closed
PASS parameter mismatch
PASS unsafe copy removed
{"ok":true,"checks":11}

=== test tools/test_features_v1_1.js ===
PASS ranking bidirectional
PASS daily 20
PASS cooldown 20
PASS same opponent allowed
PASS stage progress rates
PASS no stage drop
PASS equal transfer
PASS world event correct table
PASS history backfill
PASS old higher-only error removed
{"ok":true,"checks":10}

=== B-COMBAT01 original module audit ===

=== node --check app.js ===

=== node B_MODULE/B-COMBAT01/tools/test_client_bcombat01.js /mnt/data/work_v1_1 ===
{"ok":true,"checks":45}

=== /opt/pyvenv/bin/python3 B_MODULE/B-COMBAT01/tools/static_audit_bcombat01.py ===
PASS transaction
PASS 44-stage-values
PASS power-formula
PASS five-elements
PASS balanced-allocation-lock
PASS new-character-trigger
PASS element-rules
PASS daily-rules
PASS sword-heart-eight-percent
PASS sword-heart-no-four-stat-bonus
PASS defense-caps
PASS cultivation-floor-one-percent
PASS cultivation-cap-preserved
PASS idempotency-lock
PASS world-feed-reused
PASS no-release-control-write
PASS no-version-cache-write
PASS rls-on-new-tables
PASS precheck-required-deps
PASS postcheck-rules
PASS rollback-restores-sword-heart
PASS client-rpcs
PASS client-fallbacks
PASS client-battle-modal
PASS client-world-refresh
PASS client-battle-privacy
PASS client-css
TOTAL=27 PASS=27 FAIL=0

=== /opt/pyvenv/bin/python3 B_MODULE/B-COMBAT01/tools/test_balance_bcombat01.py ===
B-COMBAT01 BALANCE PASS 90/90
golden_initial_beats_middle_with_overcome: {'winner': 'attacker', 'attacker_hp': 80, 'defender_hp': 0, 'rounds': 8}
golden_initial_loses_late_with_weak_overcome: {'winner': 'defender', 'attacker_hp': 0, 'defender_hp': 754, 'rounds': 7}
golden_late_beats_perfect_with_overcome: {'winner': 'attacker', 'attacker_hp': 176, 'defender_hp': 0, 'rounds': 8}
golden_perfect_loses_nascent_initial: {'winner': 'defender', 'attacker_hp': 0, 'defender_hp': 837, 'rounds': 8}
golden_perfect_sword_heart_still_loses_nascent_initial: {'winner': 'defender', 'attacker_hp': 0, 'defender_hp': 662, 'rounds': 8}

=== node tools/test_ranking_render_v0143.js /mnt/data/work_v1_1 ===
{"ok":true,"checks":25,"module":"V1.0 FIX2"}

B-COMBAT01 CI PASS

=== build pages ===
PAGES_SITE_BUILT 15

=== verify pages ===
{
  "ok": true,
  "checks": 37,
  "failed": []
}

V1.1 CACHE35 CI PASS
