
=== release metadata ===
PASS version-file
PASS config
PASS release-json
PASS baseline-json
PASS ab-lock
PASS next-sql
PASS upgrade-doc
PASS migration-files
PASS database-migrations
TOTAL=9 PASS=9 FAIL=0

=== GitHub Pages workflow audit ===
PASS push-main
PASS workflow-dispatch
PASS pages-write
PASS id-token
PASS python-312
PASS node-20
PASS v16-ci
PASS pages-artifact
PASS deploy-pages
PASS portable
TOTAL=10 PASS=10 FAIL=0

=== node syntax app.js ===

=== node syntax config.js ===

=== node syntax update-guard.js ===

=== node syntax sw.js ===

=== node syntax b-paigow01.js ===

=== node syntax paigow-realtime.js ===

=== node syntax paigow-app.js ===

=== python syntax tools/prepare_pages_site_v1_6.py ===

=== python syntax tools/verify_pages_site_v1_6.py ===

=== python syntax tools/verify_release_v1_6.py ===

=== python syntax tools/verify_github_pages_workflow_v1_6.py ===

=== python syntax tools/sql_static_audit_v1_6.py ===

=== python syntax tools/test_paigow_v1_6_load.py ===

=== python syntax tools/ci_v1_6.py ===

=== V1.6 SQL static audit ===
PASS sql-db-copy-identical
PASS transaction-main
PASS transaction-gate
PASS post-read-only
PASS balanced-dollar
PASS balanced-job-dollar
PASS event-version-table
PASS database-broadcast
PASS no-private-card-in-event-function
PASS safe-delta-triggers
PASS pure-lobby-source
PASS pure-room-source
PASS private-cards-retained
PASS global-tick
PASS one-cron-schedule
PASS client-cannot-send
PASS internal-revoked
PASS delete-safe
PASS gate-cache44
PASS post-checks
PASS function-count
TOTAL=21 PASS=21 FAIL=0

=== V1.6 feature test ===
PASS CACHE44 build
PASS all launchers CACHE44
PASS no high frequency polling
PASS low frequency safety sync
PASS one shot deadline fallback
PASS private realtime client
PASS delta state merge
PASS snapshot version recovery
PASS iframe full shutdown
PASS service worker includes realtime
PASS database remains authoritative
PASS broadcast contains no private cards
PASS pure snapshots
PASS single cron
PASS V1.5 money rules retained
PASS portable workflow
PASS release gate
PASS post check
{
  "ok": true,
  "checks": 18,
  "failed": []
}

=== V1.6 Realtime client test ===
PASS private join
PASS broadcast dispatch
PASS unsubscribe and destroy

=== V1.6 nine-player load model ===
{
  "model": "deterministic_not_production_benchmark",
  "inputs": {
    "players": 9,
    "seconds": 600,
    "rounds": 12,
    "actions_per_round": 34,
    "snapshot_phases_per_round": 6,
    "room_resync_seconds": 60
  },
  "v1_5": {
    "per_player_poll_requests": 5400,
    "action_requests": 408,
    "heavy_requests": 5808,
    "average_heavy_rps": 9.68
  },
  "v1_6": {
    "action_requests": 408,
    "phase_snapshot_reads": 648,
    "safety_snapshot_reads": 90,
    "initial_snapshot_reads": 9,
    "heavy_requests": 1155,
    "average_heavy_rps": 1.925,
    "global_light_cron_ticks": 600,
    "safe_delta_deliveries": 3672
  },
  "heavy_request_reduction_percent": 80.11,
  "four_room_global_tick_count": 600,
  "closed_iframe": {
    "network_requests": 0,
    "timers": 0,
    "realtime_connections": 0
  }
}
PASS 9-player load model
PASS global scheduler does not multiply by player count
PASS closed iframe zero-runtime invariant

=== V1.5 settlement math regression ===
PASS equal positive score dealer wins
PASS both zero dealer wins
PASS strict higher player wins
PASS big both win
PASS big both lose
PASS big split tie A
PASS big split tie B
PASS entry 10x
PASS tie refund net zero
PASS pro rata simple
PASS pro rata cap claim
PASS pro rata enough pays full
PASS 5000 randomized pro-rata invariants
TOTAL=13 PASS=13 FAIL=0

=== regression tools/test_features_v1.js ===
PASS snapshot rpc client
PASS live primordial panel
PASS exact mobile order
PASS three columns mobile
PASS cave rich layers
PASS cave animations
PASS unlearned techniques in storage
PASS visible item name and type
PASS 36 slots and paging
PASS battle ranking and challenge
PASS 80 percent cap copy preserved
TOTAL=11 PASS=11 FAIL=0

=== regression tools/test_features_v1_fix1.js ===
PASS root element chip
PASS fire red
PASS yuanshen compressed ten percent
PASS cave six by six
PASS labels remain visible
PASS challenge compatibility overload
PASS friendly production error
TOTAL=7 PASS=7 FAIL=0

=== regression tools/test_features_v1_fix2.js ===
PASS no champion copy
PASS no champion render
PASS battle rank private stats removed
PASS compact public card
PASS separate resolving popup
PASS separate report popup
PASS generic battle copy
PASS css compact
PASS css report
{"ok":true,"checks":9}

=== regression tools/test_features_v1_fix3.js ===
PASS duel summary helper
PASS duel excludes level
PASS my side and opponent
PASS log precedes controls
PASS speed controls kept
PASS modal grid layout
PASS expanded log
PASS compact controls
PASS story names challenge relation
PASS story weapons and cultivation
PASS story variants
PASS story failure isolation
PASS no extra feed subline
{"ok":true,"checks":13}

=== regression tools/test_features_v1_1.js ===
PASS ranking bidirectional
PASS daily 20
PASS cooldown 20
PASS same opponent allowed
PASS stage progress rates
PASS no stage drop
PASS equal transfer
PASS world event correct table
PASS history backfill
PASS old higher-only error removed
{"ok":true,"checks":10}

=== B-COMBAT01 module audit ===

=== node --check app.js ===

=== node B_MODULE/B-COMBAT01/tools/test_client_bcombat01.js /mnt/data/jiuxiao_v16_work ===
{"ok":true,"checks":45}

=== /opt/pyvenv/bin/python3 B_MODULE/B-COMBAT01/tools/static_audit_bcombat01.py ===
PASS transaction
PASS 44-stage-values
PASS power-formula
PASS five-elements
PASS balanced-allocation-lock
PASS new-character-trigger
PASS element-rules
PASS daily-rules
PASS sword-heart-eight-percent
PASS sword-heart-no-four-stat-bonus
PASS defense-caps
PASS cultivation-floor-one-percent
PASS cultivation-cap-preserved
PASS idempotency-lock
PASS world-feed-reused
PASS no-release-control-write
PASS no-version-cache-write
PASS rls-on-new-tables
PASS precheck-required-deps
PASS postcheck-rules
PASS rollback-restores-sword-heart
PASS client-rpcs
PASS client-fallbacks
PASS client-battle-modal
PASS client-world-refresh
PASS client-battle-privacy
PASS client-css
TOTAL=27 PASS=27 FAIL=0

=== /opt/pyvenv/bin/python3 B_MODULE/B-COMBAT01/tools/test_balance_bcombat01.py ===
B-COMBAT01 BALANCE PASS 90/90
golden_initial_beats_middle_with_overcome: {'winner': 'attacker', 'attacker_hp': 80, 'defender_hp': 0, 'rounds': 8}
golden_initial_loses_late_with_weak_overcome: {'winner': 'defender', 'attacker_hp': 0, 'defender_hp': 754, 'rounds': 7}
golden_late_beats_perfect_with_overcome: {'winner': 'attacker', 'attacker_hp': 176, 'defender_hp': 0, 'rounds': 8}
golden_perfect_loses_nascent_initial: {'winner': 'defender', 'attacker_hp': 0, 'defender_hp': 837, 'rounds': 8}
golden_perfect_sword_heart_still_loses_nascent_initial: {'winner': 'defender', 'attacker_hp': 0, 'defender_hp': 662, 'rounds': 8}

=== node tools/test_ranking_render_v0143.js /mnt/data/jiuxiao_v16_work ===
{"ok":true,"checks":25,"module":"V1.0 FIX2"}

B-COMBAT01 CI PASS

=== B-PAIGOW01 original candidate audit ===
visible_old_turtle_removed: PASS
new_entry: PASS
launcher_loaded: PASS
four_rooms: PASS
traditional_tiles: PASS
long_three_face: PASS
existing_bankroll_reused: PASS
room_limit_sql: PASS
idle_20m_sql: PASS
fee_250bps: PASS
laohe_equal: PASS
physical_tiles_32: PASS
inline html scripts: PASS (2 blocks)
entry replacement: PASS
room flow: PASS
small and big: PASS
weak head rule: PASS
timers: PASS
baseline bankroll: PASS
$ /opt/pyvenv/bin/python3 /mnt/data/jiuxiao_v16_work/B_MODULE/B-PAIGOW01/tools/static_audit_bpaigow01.py
$ node --check /mnt/data/jiuxiao_v16_work/B_MODULE/B-PAIGOW01/CLIENT_CANDIDATE/app.js
$ node --check /mnt/data/jiuxiao_v16_work/B_MODULE/B-PAIGOW01/CLIENT_CANDIDATE/b-paigow01.js
$ /opt/pyvenv/bin/python3 /mnt/data/jiuxiao_v16_work/B_MODULE/B-PAIGOW01/tools/check_inline_html_js.py
$ node /mnt/data/jiuxiao_v16_work/B_MODULE/B-PAIGOW01/tools/test_client_bpaigow01.js
B-PAIGOW01 MODULE CI PASS

=== build pages ===
pages files=20

=== verify pages ===
PASS required-files
PASS config
PASS index
PASS iframe
PASS sw
PASS no-sql-in-pages
PASS manifest-meta
PASS manifest-hashes
TOTAL=8 PASS=8 FAIL=0

V1.6 CACHE44 CI PASS
