
=== release metadata ===
PASS version-file
PASS config
PASS release-json
PASS baseline-json
PASS ab-lock
PASS next-sql
PASS upgrade-doc
PASS migration-files
PASS database-migrations
TOTAL=9 PASS=9 FAIL=0

=== node syntax app.js ===

=== node syntax config.js ===

=== node syntax update-guard.js ===

=== node syntax sw.js ===

=== node syntax b-paigow01.js ===

=== node syntax paigow-realtime.js ===

=== node syntax paigow-app.js ===

=== python syntax tools/prepare_pages_site_v1_6_fix1.py ===

=== python syntax tools/verify_pages_site_v1_6_fix1.py ===

=== python syntax tools/verify_release_v1_6_fix1.py ===

=== python syntax tools/sql_static_audit_v1_6_fix1.py ===

=== python syntax tools/ci_v1_6_fix1.py ===

=== SQL static audit ===
PASS sql-db-copy-identical
PASS transactions
PASS post-read-only
PASS balanced-dollar
PASS laohe-branch
PASS small-blind
PASS big-blind-until-arrange
PASS laohe-public-mask
PASS pure-snapshot
PASS gate-cache45
PASS post-checks
TOTAL=11 PASS=11 FAIL=0

=== feature test ===
PASS CACHE45 build
PASS laohe small blind SQL
PASS laohe big blind SQL
PASS dealer still hidden
PASS blind multiplier copy
PASS small blind copy
PASS V1.6 polling remains removed
PASS cache refs
PASS portable workflow
{
  "ok": true,
  "checks": 9,
  "failed": []
}

=== V1.6 realtime regression ===
PASS private join
PASS broadcast dispatch
PASS unsubscribe and destroy

=== V1.6 load model regression ===
{
  "model": "deterministic_not_production_benchmark",
  "inputs": {
    "players": 9,
    "seconds": 600,
    "rounds": 12,
    "actions_per_round": 34,
    "snapshot_phases_per_round": 6,
    "room_resync_seconds": 60
  },
  "v1_5": {
    "per_player_poll_requests": 5400,
    "action_requests": 408,
    "heavy_requests": 5808,
    "average_heavy_rps": 9.68
  },
  "v1_6": {
    "action_requests": 408,
    "phase_snapshot_reads": 648,
    "safety_snapshot_reads": 90,
    "initial_snapshot_reads": 9,
    "heavy_requests": 1155,
    "average_heavy_rps": 1.925,
    "global_light_cron_ticks": 600,
    "safe_delta_deliveries": 3672
  },
  "heavy_request_reduction_percent": 80.11,
  "four_room_global_tick_count": 600,
  "closed_iframe": {
    "network_requests": 0,
    "timers": 0,
    "realtime_connections": 0
  }
}
PASS 9-player load model
PASS global scheduler does not multiply by player count
PASS closed iframe zero-runtime invariant

=== V1.5 settlement regression ===
PASS equal positive score dealer wins
PASS both zero dealer wins
PASS strict higher player wins
PASS big both win
PASS big both lose
PASS big split tie A
PASS big split tie B
PASS entry 10x
PASS tie refund net zero
PASS pro rata simple
PASS pro rata cap claim
PASS pro rata enough pays full
PASS 5000 randomized pro-rata invariants
TOTAL=13 PASS=13 FAIL=0

=== build pages ===
pages files=20

=== verify pages ===
PASS required-files
PASS config
PASS index
PASS iframe
PASS sw
PASS no-sql-in-pages
PASS manifest-meta
PASS manifest-hashes
TOTAL=8 PASS=8 FAIL=0

V1.6 FIX1 CACHE45 CI PASS
