
=== node --check app.js ===

=== node B_MODULE/B-COMBAT01/tools/test_client_bcombat01.js /mnt/data/B_COMBAT_POWER_CHALLENGE_WORKTREE ===
{"ok":true,"checks":23}

=== /opt/pyvenv/bin/python3 B_MODULE/B-COMBAT01/tools/static_audit_bcombat01.py ===
PASS transaction
PASS 44-stage-values
PASS power-formula
PASS five-elements
PASS balanced-allocation-lock
PASS new-character-trigger
PASS element-rules
PASS daily-rules
PASS sword-heart-eight-percent
PASS sword-heart-no-four-stat-bonus
PASS defense-caps
PASS cultivation-floor-one-percent
PASS cultivation-cap-preserved
PASS idempotency-lock
PASS world-feed-reused
PASS no-release-control-write
PASS no-version-cache-write
PASS rls-on-new-tables
PASS precheck-required-deps
PASS postcheck-rules
PASS rollback-restores-sword-heart
PASS client-rpcs
PASS client-fallbacks
PASS client-battle-modal
PASS client-world-refresh
PASS client-copy-variety
PASS client-css
TOTAL=27 PASS=27 FAIL=0

=== /opt/pyvenv/bin/python3 B_MODULE/B-COMBAT01/tools/test_balance_bcombat01.py ===
B-COMBAT01 BALANCE PASS 90/90
golden_initial_beats_middle_with_overcome: {'winner': 'attacker', 'attacker_hp': 80, 'defender_hp': 0, 'rounds': 8}
golden_initial_loses_late_with_weak_overcome: {'winner': 'defender', 'attacker_hp': 0, 'defender_hp': 754, 'rounds': 7}
golden_late_beats_perfect_with_overcome: {'winner': 'attacker', 'attacker_hp': 176, 'defender_hp': 0, 'rounds': 8}
golden_perfect_loses_nascent_initial: {'winner': 'defender', 'attacker_hp': 0, 'defender_hp': 837, 'rounds': 8}
golden_perfect_sword_heart_still_loses_nascent_initial: {'winner': 'defender', 'attacker_hp': 0, 'defender_hp': 662, 'rounds': 8}

=== node tools/test_ranking_render_v0143.js /mnt/data/B_COMBAT_POWER_CHALLENGE_WORKTREE ===
{"ok":true,"checks":21,"module":"B-COMBAT01"}

B-COMBAT01 CI PASS
